Archive member included because of file (symbol)

/home/kosmick/chiffos/ChiffOS/libc/libOSMesa32.a(osmesa.o)
                              ./glxgear.o (OSMesaCreateContext)
/home/kosmick/chiffos/ChiffOS/libc/libOSMesa32.a(context.o)
                              /home/kosmick/chiffos/ChiffOS/libc/libOSMesa32.a(osmesa.o) (_mesa_create_visual)
/home/kosmick/chiffos/ChiffOS/libc/libOSMesa32.a(cpuinfo.o)
                              /home/kosmick/chiffos/ChiffOS/libc/libOSMesa32.a(context.o) (_mesa_get_cpu_features)
/home/kosmick/chiffos/ChiffOS/libc/libOSMesa32.a(debug.o)
                              /home/kosmick/chiffos/ChiffOS/libc/libOSMesa32.a(context.o) (_mesa_print_info)
/home/kosmick/chiffos/ChiffOS/libc/libOSMesa32.a(depth.o)
                              /home/kosmick/chiffos/ChiffOS/libc/libOSMesa32.a(context.o) (_mesa_init_depth)
/home/kosmick/chiffos/ChiffOS/libc/libOSMesa32.a(dlist.o)
                              /home/kosmick/chiffos/ChiffOS/libc/libOSMesa32.a(context.o) (_mesa_init_dlist_table)
/home/kosmick/chiffos/ChiffOS/libc/libOSMesa32.a(enums.o)
                              /home/kosmick/chiffos/ChiffOS/libc/libOSMesa32.a(dlist.o) (_mesa_lookup_enum_by_nr)
/home/kosmick/chiffos/ChiffOS/libc/libOSMesa32.a(eval.o)
                              /home/kosmick/chiffos/ChiffOS/libc/libOSMesa32.a(dlist.o) (_mesa_evaluator_components)
/home/kosmick/chiffos/ChiffOS/libc/libOSMesa32.a(extensions.o)
                              /home/kosmick/chiffos/ChiffOS/libc/libOSMesa32.a(osmesa.o) (_mesa_enable_sw_extensions)
/home/kosmick/chiffos/ChiffOS/libc/libOSMesa32.a(fbobject.o)
                              /home/kosmick/chiffos/ChiffOS/libc/libOSMesa32.a(context.o) (_mesa_init_fbobjects)
/home/kosmick/chiffos/ChiffOS/libc/libOSMesa32.a(feedback.o)
                              /home/kosmick/chiffos/ChiffOS/libc/libOSMesa32.a(context.o) (_mesa_init_feedback)
/home/kosmick/chiffos/ChiffOS/libc/libOSMesa32.a(fog.o)
                              /home/kosmick/chiffos/ChiffOS/libc/libOSMesa32.a(context.o) (_mesa_init_fog)
/home/kosmick/chiffos/ChiffOS/libc/libOSMesa32.a(framebuffer.o)
                              /home/kosmick/chiffos/ChiffOS/libc/libOSMesa32.a(osmesa.o) (_mesa_create_framebuffer)
/home/kosmick/chiffos/ChiffOS/libc/libOSMesa32.a(getstring.o)
                              /home/kosmick/chiffos/ChiffOS/libc/libOSMesa32.a(debug.o) (_mesa_GetString)
/home/kosmick/chiffos/ChiffOS/libc/libOSMesa32.a(hash.o)
                              /home/kosmick/chiffos/ChiffOS/libc/libOSMesa32.a(dlist.o) (_mesa_HashLookup)
/home/kosmick/chiffos/ChiffOS/libc/libOSMesa32.a(hint.o)
                              /home/kosmick/chiffos/ChiffOS/libc/libOSMesa32.a(context.o) (_mesa_init_hint)
/home/kosmick/chiffos/ChiffOS/libc/libOSMesa32.a(histogram.o)
                              /home/kosmick/chiffos/ChiffOS/libc/libOSMesa32.a(context.o) (_mesa_init_histogram)
/home/kosmick/chiffos/ChiffOS/libc/libOSMesa32.a(image.o)
                              /home/kosmick/chiffos/ChiffOS/libc/libOSMesa32.a(histogram.o) (_mesa_swap2)
/home/kosmick/chiffos/ChiffOS/libc/libOSMesa32.a(imports.o)
                              /home/kosmick/chiffos/ChiffOS/libc/libOSMesa32.a(context.o) (_mesa_malloc)
/home/kosmick/chiffos/ChiffOS/libc/libOSMesa32.a(light.o)
                              /home/kosmick/chiffos/ChiffOS/libc/libOSMesa32.a(dlist.o) (_mesa_material_bitmask)
/home/kosmick/chiffos/ChiffOS/libc/libOSMesa32.a(lines.o)
                              /home/kosmick/chiffos/ChiffOS/libc/libOSMesa32.a(context.o) (_mesa_init_line)
/home/kosmick/chiffos/ChiffOS/libc/libOSMesa32.a(matrix.o)
                              /home/kosmick/chiffos/ChiffOS/libc/libOSMesa32.a(context.o) (_mesa_init_matrix)
/home/kosmick/chiffos/ChiffOS/libc/libOSMesa32.a(multisample.o)
                              /home/kosmick/chiffos/ChiffOS/libc/libOSMesa32.a(context.o) (_mesa_init_multisample)
/home/kosmick/chiffos/ChiffOS/libc/libOSMesa32.a(pixel.o)
                              /home/kosmick/chiffos/ChiffOS/libc/libOSMesa32.a(context.o) (_mesa_init_pixel)
/home/kosmick/chiffos/ChiffOS/libc/libOSMesa32.a(pixelstore.o)
                              /home/kosmick/chiffos/ChiffOS/libc/libOSMesa32.a(context.o) (_mesa_init_pixelstore)
/home/kosmick/chiffos/ChiffOS/libc/libOSMesa32.a(points.o)
                              /home/kosmick/chiffos/ChiffOS/libc/libOSMesa32.a(context.o) (_mesa_init_point)
/home/kosmick/chiffos/ChiffOS/libc/libOSMesa32.a(polygon.o)
                              /home/kosmick/chiffos/ChiffOS/libc/libOSMesa32.a(context.o) (_mesa_init_polygon)
/home/kosmick/chiffos/ChiffOS/libc/libOSMesa32.a(queryobj.o)
                              /home/kosmick/chiffos/ChiffOS/libc/libOSMesa32.a(dlist.o) (_mesa_GenQueriesARB)
/home/kosmick/chiffos/ChiffOS/libc/libOSMesa32.a(rastpos.o)
                              /home/kosmick/chiffos/ChiffOS/libc/libOSMesa32.a(context.o) (_mesa_init_rastpos)
[...]
Memory Configuration

Name             Origin             Length             Attributes
*default*        0x00000000         0xffffffff

Linker script and memory map

LOAD /home/kosmick/chiffos/ChiffOS/user/start.o
                0x01400000                . = 0x1400000

.text           0x01400000   0x1f5a97
 *(.text)
 .text          0x01400000       0x11 /home/kosmick/chiffos/ChiffOS/user/start.o
 *fill*         0x01400011        0x3 
 .text          0x01400014     0x1477 ./glxgear.o
                0x01400014                allocDoubleBuffer_vbe
                0x0140002d                SwapBuffers_vbe
                0x01400054                fps
                0x01401394                main
 *fill*         0x0140148b        0x1 
 .text          0x0140148c     0xbdf2 /home/kosmick/chiffos/ChiffOS/libc/libOSMesa32.a(osmesa.o)
                0x0140c68f                OSMesaCreateContext
                0x0140c6d8                OSMesaCreateContextExt
                0x0140ccad                OSMesaDestroyContext
                0x0140cd4f                OSMesaMakeCurrent
                0x0140ced3                OSMesaGetCurrentContext
                0x0140cef3                OSMesaPixelStore
                0x0140cf7f                OSMesaGetIntegerv
                0x0140d0ab                OSMesaGetDepthBuffer
                0x0140d15d                OSMesaGetColorBuffer
                0x0140d1f0                OSMesaGetProcAddress
                0x0140d246                OSMesaColorClamp
 *fill*         0x0140d27e        0x2 
 .text          0x0140d280     0x223f /home/kosmick/chiffos/ChiffOS/libc/libOSMesa32.a(context.o)
                0x0140d2c2                _mesa_notifySwapBuffers
                0x0140d323                _mesa_create_visual
                0x0140d3f5                _mesa_initialize_visual
                0x0140d60d                _mesa_destroy_visual
                0x0140e23d                _mesa_initialize_context
                0x0140e4b5                _mesa_create_context
                0x0140e519                _mesa_free_context_data
                0x0140e82f                _mesa_destroy_context
                0x0140e853                _mesa_copy_context
                0x0140ef00                _mesa_check_init_viewport
                0x0140ef7d                _mesa_make_current
                0x0140f21d                _mesa_share_state
                0x0140f2a2                _mesa_get_current_context
                0x0140f2af                _mesa_get_dispatch
                0x0140f2ba                _mesa_record_error
                0x0140f301                _mesa_Finish
                0x0140f3d3                _mesa_Flush
                0x0140f4a5                _mesa_set_mvp_with_dp4
 *fill*         0x0140f4bf        0x1 
 .text          0x0140f4c0       0x66 /home/kosmick/chiffos/ChiffOS/libc/libOSMesa32.a(cpuinfo.o)
                0x0140f4c0                _mesa_get_cpu_features
                0x0140f4c5                _mesa_get_cpu_string
 *fill*         0x0140f526        0x2 
 .text          0x0140f528      0xcf2 /home/kosmick/chiffos/ChiffOS/libc/libOSMesa32.a(debug.o)
                0x0140f528                _mesa_print_state
                0x0140f878                _mesa_print_tri_caps
                0x0140fa8d                _mesa_print_info
                0x0140fb66                _mesa_init_debug
                0x014101dd                _mesa_dump_textures
 *fill*         0x0141021a        0x2 
 .text          0x0141021c      0x460 /home/kosmick/chiffos/ChiffOS/libc/libOSMesa32.a(depth.o)
                0x0141021c                _mesa_ClearDepth
                0x01410331                _mesa_DepthFunc
                0x0141041e                _mesa_DepthMask
                0x014104e8                _mesa_DepthBoundsEXT
                0x0141063d                _mesa_init_depth
 .text          0x0141067c    0x15eb9 /home/kosmick/chiffos/ChiffOS/libc/libOSMesa32.a(dlist.o)
                0x014106dd                _mesa_delete_list
                0x01410f85                _mesa_alloc_instruction
                0x01411093                _mesa_alloc_opcode
                0x0141190a                _mesa_save_CallList
                0x0141198d                _mesa_save_CallLists
                0x0141e18a                _mesa_compile_error
                0x0142130e                _mesa_IsList
                0x01421398                _mesa_DeleteLists
                0x0142145b                _mesa_GenLists
                0x0142157d                _mesa_NewList
                0x0142171c                _mesa_EndList
                0x0142188d                _mesa_CallList
                0x01421955                _mesa_CallLists
                0x01421a27                _mesa_ListBase
                0x01423ee7                _mesa_init_dlist_table
                0x01426191                mesa_print_display_list
                0x014261b3                _mesa_save_vtxfmt_init
                0x014264b1                _mesa_init_display_list
 *fill*         0x01426535        0x3 
 .text          0x01426538      0x16c /home/kosmick/chiffos/ChiffOS/libc/libOSMesa32.a(enums.o)
                0x01426573                _mesa_lookup_enum_by_nr
                0x014265e2                _mesa_lookup_prim_by_nr
                0x0142664e                _mesa_lookup_enum_by_name
 .text          0x014266a4     0x2069 /home/kosmick/chiffos/ChiffOS/libc/libOSMesa32.a(eval.o)
                0x014266a4                _mesa_evaluator_components
                0x014269cc                _mesa_copy_map_points1f
                0x01426a66                _mesa_copy_map_points1d
                0x01426b00                _mesa_copy_map_points2f
                0x01426c30                _mesa_copy_map_points2d
                0x01426fbe                _mesa_Map1f
                0x01426ffc                _mesa_Map1d
                0x01427354                _mesa_Map2f
                0x014273ae                _mesa_Map2d
                0x0142743c                _mesa_GetMapdv
                0x01427644                _mesa_GetMapfv
                0x0142784c                _mesa_GetMapiv
                0x01427c6e                _mesa_MapGrid1f
                0x01427d46                _mesa_MapGrid1d
                0x01427d81                _mesa_MapGrid2f
                0x01427eba                _mesa_MapGrid2d
                0x01428038                _mesa_init_eval
                0x01428483                _mesa_free_eval_data
 *fill*         0x0142870d        0x3 
 .text          0x01428710      0x88f /home/kosmick/chiffos/ChiffOS/libc/libOSMesa32.a(extensions.o)
                0x01428710                _mesa_enable_sw_extensions
                0x01428a56                _mesa_enable_imaging_extensions
                0x01428ab5                _mesa_enable_1_3_extensions
                0x01428af6                _mesa_enable_1_4_extensions
                0x01428b91                _mesa_enable_1_5_extensions
                0x01428baa                _mesa_enable_2_0_extensions
                0x01428bff                _mesa_enable_2_1_extensions
                0x01428cfc                _mesa_enable_extension
                0x01428d1e                _mesa_disable_extension
                0x01428d40                _mesa_extension_is_enabled
                0x01428dc9                _mesa_init_extensions
                0x01428e3b                _mesa_make_extension_string
 *fill*         0x01428f9f        0x1 
 .text          0x01428fa0     0x38a4 /home/kosmick/chiffos/ChiffOS/libc/libOSMesa32.a(fbobject.o)
                0x01428fc0                _mesa_init_fbobjects
                0x01428fd9                _mesa_lookup_renderbuffer
                0x0142900b                _mesa_lookup_framebuffer
                0x0142904f                _mesa_get_attachment
                0x014290dc                _mesa_remove_attachment
                0x01429169                _mesa_set_texture_attachment
                0x01429278                _mesa_set_renderbuffer_attachment
                0x014292c1                _mesa_framebuffer_renderbuffer
                0x01429769                _mesa_test_framebuffer_completeness
                0x01429d99                _mesa_IsRenderbufferEXT
                0x01429e06                _mesa_BindRenderbufferEXT
                0x0142a030                _mesa_DeleteRenderbuffersEXT
                0x0142a1ec                _mesa_GenRenderbuffersEXT
                0x0142a2c1                _mesa_base_fbo_format
                0x0142a7de                _mesa_RenderbufferStorageEXT
                0x0142a80e                _mesa_RenderbufferStorageMultisample
                0x0142a83d                _mesa_GetRenderbufferParameterivEXT
                0x0142aa77                _mesa_IsFramebufferEXT
                0x0142abed                _mesa_BindFramebufferEXT
                0x0142af3a                _mesa_DeleteFramebuffersEXT
                0x0142b0c4                _mesa_GenFramebuffersEXT
                0x0142b199                _mesa_CheckFramebufferStatusEXT
                0x0142b75a                _mesa_FramebufferTexture1DEXT
                0x0142b7d4                _mesa_FramebufferTexture2DEXT
                0x0142b870                _mesa_FramebufferTexture3DEXT
                0x0142b8e9                _mesa_FramebufferTextureLayerEXT
                0x0142b937                _mesa_FramebufferRenderbufferEXT
                0x0142bc0f                _mesa_GetFramebufferAttachmentParameterivEXT
                0x0142c2a4                _mesa_GenerateMipmapEXT
                0x0142c43b                _mesa_BlitFramebufferEXT
 .text          0x0142c844      0xe05 /home/kosmick/chiffos/ChiffOS/libc/libOSMesa32.a(feedback.o)
                0x0142c890                _mesa_FeedbackBuffer
                0x0142ca88                _mesa_PassThrough
                0x0142cb34                _mesa_feedback_vertex
                0x0142cca9                _mesa_SelectBuffer
                0x0142cdf0                _mesa_update_hitflag
                0x0142cf8f                _mesa_InitNames
                0x0142d07c                _mesa_LoadName
                0x0142d18e                _mesa_PushName
                0x0142d28b                _mesa_PopName
                0x0142d377                _mesa_RenderMode
                0x0142d5c2                _mesa_init_feedback
 *fill*         0x0142d649        0x3 
 .text          0x0142d64c      0x8a2 /home/kosmick/chiffos/ChiffOS/libc/libOSMesa32.a(fog.o)
                0x0142d64c                _mesa_Fogf
                0x0142d666                _mesa_Fogi
                0x0142d686                _mesa_Fogiv
                0x0142d77f                _mesa_Fogfv
                0x0142de3d                _mesa_init_fog
 *fill*         0x0142deee        0x2 
 .text          0x0142def0     0x13db /home/kosmick/chiffos/ChiffOS/libc/libOSMesa32.a(framebuffer.o)
                0x0142df7e                _mesa_create_framebuffer
                0x0142dfda                _mesa_new_framebuffer
                0x0142e085                _mesa_initialize_framebuffer
                0x0142e1d2                _mesa_destroy_framebuffer
                0x0142e1f6                _mesa_free_framebuffer_data
                0x0142e301                _mesa_reference_framebuffer
                0x0142e3de                _mesa_resize_framebuffer
                0x0142e606                _mesa_resizebuffers
                0x0142e836                _mesa_ResizeBuffersMESA
                0x0142e941                _mesa_update_draw_buffer_bounds
                0x0142eaeb                _mesa_update_framebuffer_visual
                0x0142ecef                _mesa_update_depth_buffer
                0x0142eda3                _mesa_update_stencil_buffer
                0x0142f02e                _mesa_update_framebuffer
                0x0142f07a                _mesa_source_buffer_exists
                0x0142f1aa                _mesa_dest_buffer_exists
 *fill*         0x0142f2cb        0x1 
 .text          0x0142f2cc      0x705 /home/kosmick/chiffos/ChiffOS/libc/libOSMesa32.a(getstring.o)
                0x0142f594                _mesa_GetString
                0x0142f75f                _mesa_GetPointerv
                0x0142f975                _mesa_GetError
 *fill*         0x0142f9d1        0x3 
 .text          0x0142f9d4      0x698 /home/kosmick/chiffos/ChiffOS/libc/libOSMesa32.a(hash.o)
                0x0142f9d4                _mesa_NewHashTable
                0x0142f9ee                _mesa_DeleteHashTable
                0x0142fa8c                _mesa_HashLookup
                0x0142fb2e                _mesa_HashInsert
                0x0142fc23                _mesa_HashRemove
                0x0142fd18                _mesa_HashDeleteAll
                0x0142fda2                _mesa_HashWalk
                0x0142fe06                _mesa_HashFirstEntry
                0x0142fe6c                _mesa_HashNextEntry
                0x0142ff54                _mesa_HashPrint
                0x0142ffdf                _mesa_HashFindFreeKeyBlock
 .text          0x0143006c      0x5a6 /home/kosmick/chiffos/ChiffOS/libc/libOSMesa32.a(hint.o)
                0x0143006c                _mesa_Hint
                0x01430598                _mesa_init_hint
 *fill*         0x01430612        0x2 
 .text          0x01430614     0x5ad1 /home/kosmick/chiffos/ChiffOS/libc/libOSMesa32.a(histogram.o)
                0x01434ac4                _mesa_GetMinmax
                0x01434fe1                _mesa_GetHistogram
                0x01435364                _mesa_GetHistogramParameterfv
                0x0143552b                _mesa_GetHistogramParameteriv
                0x014356aa                _mesa_GetMinmaxParameterfv
                0x014357af                _mesa_GetMinmaxParameteriv
                0x0143589d                _mesa_Histogram
                0x01435bcd                _mesa_Minmax
                0x01435cfc                _mesa_ResetHistogram
                0x01435e46                _mesa_ResetMinmax
                0x01435f8f                _mesa_init_histogram
 *fill*         0x014360e5        0x3 
 .text          0x014360e8    0x195fd /home/kosmick/chiffos/ChiffOS/libc/libOSMesa32.a(image.o)
                0x014360e8                _mesa_type_is_packed
                0x014361c2                _mesa_swap2
                0x0143621e                _mesa_swap4
                0x0143628f                _mesa_sizeof_type
                0x0143632c                _mesa_sizeof_packed_type
                0x01436551                _mesa_components_in_format
                0x01436637                _mesa_bytes_per_pixel
                0x01436852                _mesa_is_legal_format_and_type
                0x01436a98                _mesa_image_address
                0x01436ccb                _mesa_image_address1d
                0x01436d21                _mesa_image_address2d
                0x01436d75                _mesa_image_address3d
                0x01436dc8                _mesa_image_row_stride
                0x01436e8e                _mesa_image_image_stride
                0x01436f6a                _mesa_unpack_polygon_stipple
                0x01437015                _mesa_pack_polygon_stipple
                0x014370f3                _mesa_unpack_bitmap
                0x01437364                _mesa_pack_bitmap
                0x01437585                _mesa_scale_and_bias_rgba
                0x014376d3                _mesa_map_rgba
                0x01437a71                _mesa_transform_rgba
                0x01437c69                _mesa_lookup_rgba_float
                0x0143870c                _mesa_lookup_rgba_ubyte
                0x01439698                _mesa_map_ci_to_rgba
                0x014397e2                _mesa_map_ci8_to_rgba8
                0x01439918                _mesa_scale_and_bias_depth
                0x014399a6                _mesa_scale_and_bias_depth_uint
                0x01439fb3                _mesa_apply_rgba_transfer_ops
                0x0143a496                _mesa_apply_ci_transfer_ops
                0x0143a59e                _mesa_apply_stencil_transfer_ops
                0x0143a70c                _mesa_pack_rgba_span_float
                0x0144a72d                _mesa_unpack_color_span_chan
                0x0144b231                _mesa_unpack_color_span_float
                0x0144b7b7                _mesa_unpack_dudv_span_byte
                0x0144b92e                _mesa_unpack_index_span
                0x0144bafa                _mesa_pack_index_span
                0x0144be7d                _mesa_unpack_stencil_span
                0x0144c0ea                _mesa_pack_stencil_span
                0x0144c587                _mesa_unpack_depth_span
                0x0144d2a7                _mesa_pack_depth_span
                0x0144d7ec                _mesa_pack_depth_stencil_span
                0x0144d983                _mesa_unpack_image
                0x0144dd2e                _mesa_convert_colors
                0x0144ec72                _mesa_clip_drawpixels
                0x0144eec3                _mesa_clip_readpixels
                0x0144f000                _mesa_clip_copytexsubimage
                0x0144f0a6                _mesa_clip_to_region
                0x0144f3fd                _mesa_clip_blit
 *fill*         0x0144f6e5        0x3 
 .text          0x0144f6e8      0xf1e /home/kosmick/chiffos/ChiffOS/libc/libOSMesa32.a(imports.o)
                0x0144f6e8                _mesa_malloc
                0x0144f6fb                _mesa_calloc
                0x0144f716                _mesa_free
                0x0144f729                _mesa_align_malloc
                0x0144f777                _mesa_align_calloc
                0x0144f7c5                _mesa_align_free
                0x0144f7e9                _mesa_align_realloc
                0x0144f854                _mesa_realloc
                0x0144f8b8                _mesa_memcpy
                0x0144f8d9                _mesa_memset
                0x0144f8fa                _mesa_memset16
                0x0144f927                _mesa_bzero
                0x0144f949                _mesa_memcmp
                0x0144f96a                _mesa_sin
                0x0144f990                _mesa_sinf
                0x0144f9a3                _mesa_cos
                0x0144f9c9                _mesa_asinf
                0x0144f9dc                _mesa_atanf
                0x0144f9ef                _mesa_sqrtd
                0x0144fa15                _mesa_init_sqrt_table
                0x0144facc                _mesa_sqrtf
                0x0144fb4b                _mesa_inv_sqrtf
                0x0144fbda                _mesa_pow
                0x0144fc1a                _mesa_ffs
                0x0144fc2d                _mesa_ffsll
                0x0144fc85                _mesa_bitcount
                0x0144fcab                _mesa_float_to_half
                0x0144fe8a                _mesa_half_to_float
                0x0144ff9f                _mesa_bsearch
                0x0144ffce                _mesa_getenv
                0x0144ffe1                _mesa_strstr
                0x0144fffb                _mesa_strncat
                0x0145001c                _mesa_strcpy
                0x01450036                _mesa_strncpy
                0x01450057                _mesa_strlen
                0x0145006a                _mesa_strcmp
                0x01450084                _mesa_strncmp
                0x014500a5                _mesa_strdup
                0x014500f2                _mesa_atoi
                0x01450105                _mesa_strtod
                0x01450125                _mesa_sprintf
                0x01450152                _mesa_snprintf
                0x01450186                _mesa_printf
                0x014501b2                _mesa_fprintf
                0x01450202                _mesa_vsprintf
                0x0145032b                _mesa_warning
                0x01450395                _mesa_problem
                0x014504b8                _mesa_error
                0x014505f0                _mesa_debug
                0x014505f5                _mesa_exit
 *fill*         0x01450606        0x2 
 .text          0x01450608     0x49b7 /home/kosmick/chiffos/ChiffOS/libc/libOSMesa32.a(light.o)
                0x01450608                _mesa_ShadeModel
                0x01450735                _mesa_light
                0x01450ebb                _mesa_Lightf
                0x01450edc                _mesa_Lightfv
                0x014513e2                _mesa_Lighti
                0x01451403                _mesa_Lightiv
                0x01451548                _mesa_GetLightfv
                0x014519ce                _mesa_GetLightiv
                0x01452059                _mesa_LightModelfv
                0x0145242a                _mesa_LightModeliv
                0x01452528                _mesa_LightModeli
                0x01452542                _mesa_LightModelf
                0x0145255c                _mesa_material_bitmask
                0x01452680                _mesa_copy_materials
                0x01452703                _mesa_update_material
                0x01452b74                _mesa_update_color_material
                0x01452c16                _mesa_ColorMaterial
                0x01452da4                _mesa_GetMaterialfv
                0x014530bd                _mesa_GetMaterialiv
                0x01453750                _mesa_invalidate_spot_exp_table
                0x0145385b                _mesa_invalidate_shine_table
                0x01453ac6                _mesa_validate_all_lighting_tables
                0x01453bde                _mesa_update_lighting
                0x014547f9                _mesa_update_tnl_spaces
                0x0145490a                _mesa_allow_light_in_model
                0x01454d76                _mesa_init_lighting
                0x01454f67                _mesa_free_lighting_data
 *fill*         0x01454fbf        0x1 
 .text          0x01454fc0      0x280 /home/kosmick/chiffos/ChiffOS/libc/libOSMesa32.a(lines.o)
                0x01454fc0                _mesa_LineWidth
                0x014550ef                _mesa_LineStipple
                0x01455200                _mesa_init_line
 .text          0x01455240     0x153b /home/kosmick/chiffos/ChiffOS/libc/libOSMesa32.a(matrix.o)
                0x01455240                _mesa_Frustum
                0x014553c0                _mesa_Ortho
                0x01455528                _mesa_MatrixMode
                0x014557b0                _mesa_PushMatrix
                0x014558ea                _mesa_PopMatrix
                0x01455a24                _mesa_LoadIdentity
                0x01455acd                _mesa_LoadMatrixf
                0x01455b88                _mesa_MultMatrixf
                0x01455c43                _mesa_Rotatef
                0x01455d17                _mesa_Scalef
                0x01455dd8                _mesa_Translatef
                0x01455e99                _mesa_LoadMatrixd
                0x01455edc                _mesa_MultMatrixd
                0x01455f1f                _mesa_Rotated
                0x01455f7b                _mesa_Scaled
                0x01455fc2                _mesa_Translated
                0x01456009                _mesa_LoadTransposeMatrixfARB
                0x01456034                _mesa_LoadTransposeMatrixdARB
                0x0145605f                _mesa_MultTransposeMatrixfARB
                0x0145608a                _mesa_MultTransposeMatrixdARB
                0x014561a2                _mesa_update_modelview_project
                0x01456490                _mesa_init_matrix
                0x014565a4                _mesa_free_matrix_data
                0x01456656                _mesa_init_transform
 *fill*         0x0145677b        0x1 
 .text          0x0145677c      0x120 /home/kosmick/chiffos/ChiffOS/libc/libOSMesa32.a(multisample.o)
                0x0145677c                _mesa_SampleCoverageARB
                0x01456857                _mesa_init_multisample
 .text          0x0145689c     0x2be1 /home/kosmick/chiffos/ChiffOS/libc/libOSMesa32.a(pixel.o)
                0x014568b2                _mesa_PixelZoom
                0x01456be8                _mesa_PixelMapfv
                0x01456e38                _mesa_PixelMapuiv
                0x0145713c                _mesa_PixelMapusv
                0x0145742e                _mesa_GetPixelMapfv
                0x0145765a                _mesa_GetPixelMapuiv
                0x014578a7                _mesa_GetPixelMapusv
                0x01457c80                _mesa_PixelTransferf
                0x01458b3e                _mesa_PixelTransferi
                0x01458e57                _mesa_update_pixel
                0x01458eb4                _mesa_init_pixel
 *fill*         0x0145947d        0x3 
 .text          0x01459480      0xcc9 /home/kosmick/chiffos/ChiffOS/libc/libOSMesa32.a(pixelstore.o)
                0x01459480                _mesa_PixelStorei
                0x01459f79                _mesa_PixelStoref
                0x01459fac                _mesa_init_pixelstore
 *fill*         0x0145a149        0x3 
 .text          0x0145a14c      0x923 /home/kosmick/chiffos/ChiffOS/libc/libOSMesa32.a(points.o)
                0x0145a14c                _mesa_PointSize
                0x0145a23c                _mesa_PointParameteri
                0x0145a25c                _mesa_PointParameteriv
                0x0145a2af                _mesa_PointParameterf
                0x0145a2c9                _mesa_PointParameterfv
                0x0145a988                _mesa_init_point
 *fill*         0x0145aa6f        0x1 
 .text          0x0145aa70      0x9dd /home/kosmick/chiffos/ChiffOS/libc/libOSMesa32.a(polygon.o)
                0x0145aa70                _mesa_CullFace
                0x0145ab6a                _mesa_FrontFace
                0x0145ac73                _mesa_PolygonMode
                0x0145aee5                _mesa_polygon_stipple
                0x0145b037                _mesa_PolygonStipple
                0x0145b0e9                _mesa_GetPolygonStipple
                0x0145b271                _mesa_PolygonOffset
                0x0145b35e                _mesa_PolygonOffsetEXT
                0x0145b38f                _mesa_init_polygon
 *fill*         0x0145b44d        0x3 
 .text          0x0145b450      0xea8 /home/kosmick/chiffos/ChiffOS/libc/libOSMesa32.a(queryobj.o)
                0x0145b450                _mesa_new_query_object
                0x0145b498                _mesa_begin_query
                0x0145b49d                _mesa_end_query
                0x0145b4a9                _mesa_wait_query
                0x0145b4df                _mesa_check_query
                0x0145b4e4                _mesa_delete_query
                0x0145b517                _mesa_GenQueriesARB
                0x0145b676                _mesa_DeleteQueriesARB
                0x0145b7a8                _mesa_IsQueryARB
                0x0145b807                _mesa_BeginQueryARB
                0x0145baa7                _mesa_EndQueryARB
                0x0145bc33                _mesa_GetQueryivARB
                0x0145bd66                _mesa_GetQueryObjectivARB
                0x0145bebb                _mesa_GetQueryObjectuivARB
                0x0145c004                _mesa_GetQueryObjecti64vEXT
                0x0145c13a                _mesa_GetQueryObjectui64vEXT
                0x0145c270                _mesa_init_query
                0x0145c2bf                _mesa_free_query_data
 .text          0x0145c2f8     0x12c1 /home/kosmick/chiffos/ChiffOS/libc/libOSMesa32.a(rastpos.o)
                0x0145c3f4                _mesa_RasterPos2d
                0x0145c43a                _mesa_RasterPos2f
                0x0145c466                _mesa_RasterPos2i
                0x0145c494                _mesa_RasterPos2s
                0x0145c4d0                _mesa_RasterPos3d
                0x0145c520                _mesa_RasterPos3f
                0x0145c54a                _mesa_RasterPos3i
                0x0145c576                _mesa_RasterPos3s
                0x0145c5b7                _mesa_RasterPos4d
                0x0145c613                _mesa_RasterPos4f
                0x0145c63b                _mesa_RasterPos4i
                0x0145c667                _mesa_RasterPos4s
                0x0145c6b4                _mesa_RasterPos2dv
                0x0145c6e9                _mesa_RasterPos2fv
                0x0145c71e                _mesa_RasterPos2iv
                0x0145c75f                _mesa_RasterPos2sv
                0x0145c7a4                _mesa_RasterPos3dv
                0x0145c7dc                _mesa_RasterPos3fv
                0x0145c818                _mesa_RasterPos3iv
                0x0145c862                _mesa_RasterPos3sv
                0x0145c8b2                _mesa_RasterPos4dv
                0x0145c8ef                _mesa_RasterPos4fv
                0x0145c92d                _mesa_RasterPos4iv
                0x0145c982                _mesa_RasterPos4sv
                0x0145ce83                _mesa_WindowPos2dMESA
                0x0145cec9                _mesa_WindowPos2fMESA
                0x0145cef5                _mesa_WindowPos2iMESA
                0x0145cf23                _mesa_WindowPos2sMESA
                0x0145cf5f                _mesa_WindowPos3dMESA
                0x0145cfaf                _mesa_WindowPos3fMESA
                0x0145cfd9                _mesa_WindowPos3iMESA
                0x0145d005                _mesa_WindowPos3sMESA
                0x0145d046                _mesa_WindowPos4dMESA
                0x0145d0a2                _mesa_WindowPos4fMESA
                0x0145d0ca                _mesa_WindowPos4iMESA
                0x0145d0f6                _mesa_WindowPos4sMESA
                0x0145d143                _mesa_WindowPos2dvMESA
                0x0145d178                _mesa_WindowPos2fvMESA
                0x0145d1ad                _mesa_WindowPos2ivMESA
                0x0145d1ee                _mesa_WindowPos2svMESA
                0x0145d233                _mesa_WindowPos3dvMESA
                0x0145d26b                _mesa_WindowPos3fvMESA
                0x0145d2a7                _mesa_WindowPos3ivMESA
                0x0145d2f1                _mesa_WindowPos3svMESA
                0x0145d341                _mesa_WindowPos4dvMESA
                0x0145d37e                _mesa_WindowPos4fvMESA
                0x0145d3bc                _mesa_WindowPos4ivMESA
                0x0145d411                _mesa_WindowPos4svMESA
                0x0145d46e                _mesa_init_rastpos
 *fill*         0x0145d5b9        0x3 
 .text          0x0145d5bc     0x3c09 /home/kosmick/chiffos/ChiffOS/libc/libOSMesa32.a(renderbuffer.o)
                0x0145eeb6                _mesa_soft_renderbuffer_storage
                0x0145fcf1                _mesa_init_renderbuffer
                0x0145fe23                _mesa_new_renderbuffer
                0x0145fe55                _mesa_delete_renderbuffer
                0x0145fe80                _mesa_new_soft_renderbuffer
                0x0145feb0                _mesa_add_color_renderbuffers
                0x01460075                _mesa_add_color_index_renderbuffers
                0x014601e3                _mesa_add_alpha_renderbuffers
                0x01460477                _mesa_copy_soft_alpha_renderbuffers
                0x014604ef                _mesa_add_depth_renderbuffer
                0x014605e3                _mesa_add_stencil_renderbuffer
                0x014606c5                _mesa_add_accum_renderbuffer
                0x014607a5                _mesa_add_aux_renderbuffers
                0x014608e4                _mesa_add_soft_renderbuffers
                0x01460d6f                _mesa_add_renderbuffer
                0x01460f78                _mesa_remove_renderbuffer
                0x01461003                _mesa_reference_renderbuffer
                0x0146117a                _mesa_new_depthstencil_renderbuffer
 *fill*         0x014611c5        0x3 
 .text          0x014611c8      0x1bf /home/kosmick/chiffos/ChiffOS/libc/libOSMesa32.a(scissor.o)
                0x014611c8                _mesa_Scissor
                0x01461253                _mesa_set_scissor
                0x01461344                _mesa_init_scissor
 *fill*         0x01461387        0x1 
 .text          0x01461388      0x619 /home/kosmick/chiffos/ChiffOS/libc/libOSMesa32.a(shared.o)
                0x014613ca                _mesa_alloc_shared_state
                0x0146176c                _mesa_free_shared_state
 *fill*         0x014619a1        0x3 
 .text          0x014619a4      0xdd3 /home/kosmick/chiffos/ChiffOS/libc/libOSMesa32.a(state.o)
                0x014624a3                _mesa_update_state_locked
                0x014626d5                _mesa_update_state
                0x014626fe                _mesa_set_varying_vp_inputs
                0x01462736                _mesa_set_vp_override
 *fill*         0x01462777        0x1 
 .text          0x01462778     0x1494 /home/kosmick/chiffos/ChiffOS/libc/libOSMesa32.a(stencil.o)
                0x014627d6                _mesa_ClearStencil
                0x01462899                _mesa_StencilFuncSeparateATI
                0x01462ad2                _mesa_StencilFunc
                0x01462df1                _mesa_StencilMask
                0x01462fc3                _mesa_StencilOp
                0x01463317                _mesa_ActiveStencilFaceEXT
                0x0146340b                _mesa_StencilOpSeparate
                0x014636ac                _mesa_StencilFuncSeparate
                0x01463868                _mesa_StencilMaskSeparate
                0x01463979                _mesa_update_stencil
                0x01463ac1                _mesa_init_stencil
 .text          0x01463c0c      0xf3e /home/kosmick/chiffos/ChiffOS/libc/libOSMesa32.a(texcompress_s3tc.o)
                0x01463cc3                _mesa_init_texture_s3tc
 *fill*         0x01464b4a        0x2 
 .text          0x01464b4c     0x3fdd /home/kosmick/chiffos/ChiffOS/libc/libOSMesa32.a(texcompress_fxt1.o)
                0x01464b4c                _mesa_init_texture_fxt1
                0x01468a8c                fxt1_decode_1
 *fill*         0x01468b29        0x3 
 .text          0x01468b2c     0x3b67 /home/kosmick/chiffos/ChiffOS/libc/libOSMesa32.a(texenvprogram.o)
                0x0146c5d3                _mesa_get_fixed_func_fragment_program
 *fill*         0x0146c693        0x1 
 .text          0x0146c694     0x7963 /home/kosmick/chiffos/ChiffOS/libc/libOSMesa32.a(teximage.o)
                0x0146c6c0                _mesa_alloc_texmemory
                0x0146c6db                _mesa_free_texmemory
                0x0146c73f                _mesa_base_tex_format
                0x0146cac7                _mesa_is_color_format
                0x0146cc8d                _mesa_tex_target_to_face
                0x0146ccb3                _mesa_set_tex_image
                0x0146cd71                _mesa_new_texture_image
                0x0146cd85                _mesa_free_texture_image_data
                0x0146cdb9                _mesa_delete_texture_image
                0x0146cdfc                _mesa_is_proxy_texture
                0x0146ce4c                _mesa_select_tex_object
                0x0146d0ad                _mesa_select_tex_image
                0x0146d205                _mesa_get_tex_image
                0x0146d2a5                _mesa_get_proxy_tex_image
                0x0146d493                _mesa_max_texture_levels
                0x0146d608                _mesa_init_teximage_fields
                0x0146d882                _mesa_test_proxy_teximage
                0x0146f7cd                _mesa_GetTexImage
                0x0146fecf                _mesa_TexImage1D
                0x01470323                _mesa_TexImage2D
                0x01470814                _mesa_TexImage3D
                0x01470c6a                _mesa_TexImage3DEXT
                0x01470cbc                _mesa_TexSubImage1D
                0x01470fb0                _mesa_TexSubImage2D
                0x01471299                _mesa_TexSubImage3D
                0x01471568                _mesa_CopyTexImage1D
                0x01471834                _mesa_CopyTexImage2D
                0x01471b0f                _mesa_CopyTexSubImage1D
                0x01471daa                _mesa_CopyTexSubImage2D
                0x01472060                _mesa_CopyTexSubImage3D
                0x0147279f                _mesa_CompressedTexImage1DARB
                0x01472c1f                _mesa_CompressedTexImage2DARB
                0x014730e2                _mesa_CompressedTexImage3DARB
                0x01473566                _mesa_CompressedTexSubImage1DARB
                0x01473803                _mesa_CompressedTexSubImage2DARB
                0x01473ad4                _mesa_CompressedTexSubImage3DARB
                0x01473dd4                _mesa_GetCompressedTexImageARB
 *fill*         0x01473ff7        0x1 
 .text          0x01473ff8     0x1e11 /home/kosmick/chiffos/ChiffOS/libc/libOSMesa32.a(texobj.o)
                0x0147400e                _mesa_lookup_texture
                0x0147402d                _mesa_new_texture_object
                0x01474060                _mesa_initialize_texture_object
                0x014742e3                _mesa_delete_texture_object
                0x0147437f                _mesa_copy_texture_object
                0x014745ce                _mesa_reference_texobj
                0x01474769                _mesa_test_texobj_completeness
                0x01475053                _mesa_get_fallback_texture
                0x01475253                _mesa_GenTextures
                0x01475508                _mesa_DeleteTextures
                0x014756f6                _mesa_BindTexture
                0x014759d4                _mesa_PrioritizeTextures
                0x01475b7b                _mesa_AreTexturesResident
                0x01475d0c                _mesa_IsTexture
                0x01475d84                _mesa_lock_context_textures
                0x01475dc8                _mesa_unlock_context_textures
 *fill*         0x01475e09        0x3 
 .text          0x01475e0c     0x1e42 /home/kosmick/chiffos/ChiffOS/libc/libOSMesa32.a(texstate.o)
                0x01475e0c                _mesa_copy_texture_state
                0x014764c0                _mesa_print_texunit_state
                0x01476a30                _mesa_ActiveTextureARB
                0x01476b61                _mesa_ClientActiveTextureARB
                0x0147744b                _mesa_update_texture
                0x01477a04                _mesa_init_texture
                0x01477aad                _mesa_free_texture_data
                0x01477bcb                _mesa_update_default_objects_texture
 *fill*         0x01477c4e        0x2 
 .text          0x01477c50     0x831a /home/kosmick/chiffos/ChiffOS/libc/libOSMesa32.a(texstore.o)
                0x014783eb                _mesa_make_temp_chan_image
                0x01479483                _mesa_texstore_rgba
                0x0147985f                _mesa_texstore_z32
                0x01479a53                _mesa_texstore_z16
                0x01479c4d                _mesa_texstore_rgb565
                0x0147a1da                _mesa_texstore_rgba8888
                0x0147a7f0                _mesa_texstore_argb8888
                0x0147b19c                _mesa_texstore_rgb888
                0x0147b6c9                _mesa_texstore_bgr888
                0x0147bbf6                _mesa_texstore_rgba4444
                0x0147bec0                _mesa_texstore_argb4444
                0x0147c278                _mesa_texstore_rgba5551
                0x0147c547                _mesa_texstore_argb1555
                0x0147c933                _mesa_texstore_al88
                0x0147cd42                _mesa_texstore_rgb332
                0x0147cfbd                _mesa_texstore_a8
                0x0147d2c7                _mesa_texstore_ci8
                0x0147d48c                _mesa_texstore_ycbcr
                0x0147d5d2                _mesa_texstore_dudv8
                0x0147d8c3                _mesa_texstore_signed_rgba8888
                0x0147de57                _mesa_texstore_z24_s8
                0x0147e2ec                _mesa_texstore_s8_z24
                0x0147e638                _mesa_texstore_rgba_float32
                0x0147e842                _mesa_texstore_rgba_float16
                0x0147ea6c                _mesa_texstore_srgb8
                0x0147eb03                _mesa_texstore_srgba8
                0x0147eb93                _mesa_texstore_sargb8
                0x0147ec23                _mesa_texstore_sl8
                0x0147ecb3                _mesa_texstore_sla8
                0x0147ed43                _mesa_validate_pbo_teximage
                0x0147ee2e                _mesa_validate_pbo_compressed_teximage
                0x0147eeee                _mesa_unmap_teximage_pbo
                0x0147f030                _mesa_set_fetch_functions
                0x0147f18b                _mesa_store_teximage1d
                0x0147f392                _mesa_store_teximage2d
                0x0147f5da                _mesa_store_teximage3d
                0x0147f81a                _mesa_store_texsubimage1d
                0x0147f98c                _mesa_store_texsubimage2d
                0x0147fb3b                _mesa_store_texsubimage3d
                0x0147fce0                _mesa_store_compressed_teximage1d
                0x0147fce5                _mesa_store_compressed_teximage2d
                0x0147fdfb                _mesa_store_compressed_teximage3d
                0x0147fe00                _mesa_store_compressed_texsubimage1d
                0x0147fe05                _mesa_store_compressed_texsubimage2d
                0x0147ff65                _mesa_store_compressed_texsubimage3d
 *fill*         0x0147ff6a        0x2 
 .text          0x0147ff6c     0x229e /home/kosmick/chiffos/ChiffOS/libc/libOSMesa32.a(varray.o)
                0x01480065                _mesa_VertexPointer
                0x01480235                _mesa_NormalPointer
                0x014803c1                _mesa_ColorPointer
                0x01480600                _mesa_FogCoordPointerEXT
                0x01480771                _mesa_IndexPointer
                0x01480900                _mesa_SecondaryColorPointerEXT
                0x01480b3f                _mesa_TexCoordPointer
                0x01480d40                _mesa_EdgeFlagPointer
                0x01480e67                _mesa_PointSizePointer
                0x01480f90                _mesa_VertexAttribPointerNV
                0x014811fc                _mesa_VertexAttribPointerARB
                0x0148148b                _mesa_VertexPointerEXT
                0x014814b3                _mesa_NormalPointerEXT
                0x014814d4                _mesa_ColorPointerEXT
                0x014814fc                _mesa_IndexPointerEXT
                0x0148151d                _mesa_TexCoordPointerEXT
                0x01481545                _mesa_EdgeFlagPointerEXT
                0x0148155f                _mesa_InterleavedArrays
                0x01481b92                _mesa_LockArraysEXT
                0x01481ceb                _mesa_UnlockArraysEXT
                0x01481dec                _mesa_MultiDrawArraysEXT
                0x01481ed1                _mesa_MultiDrawElementsEXT
                0x01481fbd                _mesa_MultiModeDrawArraysIBM
                0x014820b5                _mesa_MultiModeDrawElementsIBM
                0x014821b4                _mesa_init_varray
 *fill*         0x0148220a        0x2 
 .text          0x0148220c      0x4c6 /home/kosmick/chiffos/ChiffOS/libc/libOSMesa32.a(viewport.o)
                0x0148220c                _mesa_Viewport
                0x014822a9                _mesa_set_viewport
                0x0148242c                _mesa_DepthRange
                0x01482600                _mesa_init_viewport
                0x014826ba                _mesa_free_viewport_data
 *fill*         0x014826d2        0x2 
 .text          0x014826d4     0x36b7 /home/kosmick/chiffos/ChiffOS/libc/libOSMesa32.a(vtxfmt.o)
                0x01485cd4                _mesa_init_exec_vtxfmt
                0x01485cff                _mesa_install_exec_vtxfmt
                0x01485d1e                _mesa_install_save_vtxfmt
                0x01485d3b                _mesa_restore_exec_vtxfmt
 *fill*         0x01485d8b        0x1 
 .text          0x01485d8c     0x32b5 /home/kosmick/chiffos/ChiffOS/libc/libOSMesa32.a(m_matrix.o)
                0x0148610e                _math_matrix_mul_matrix
                0x0148617e                _math_matrix_mul_floats
                0x01486245                _math_matrix_print
                0x01487982                _math_matrix_rotate
                0x01487c1e                _math_matrix_frustum
                0x01487d20                _math_matrix_ortho
                0x01487df8                _math_matrix_scale
                0x01487f45                _math_matrix_translate
                0x01488041                _math_matrix_viewport
                0x014880e9                _math_matrix_set_identity
                0x0148898b                _math_matrix_analyse
                0x01488a0f                _math_matrix_is_length_preserving
                0x01488a24                _math_matrix_has_rotation
                0x01488a3c                _math_matrix_is_general_scale
                0x01488a4f                _math_matrix_is_dirty
                0x01488a64                _math_matrix_copy
                0x01488ae3                _math_matrix_loadf
                0x01488b11                _math_matrix_ctr
                0x01488b76                _math_matrix_dtr
                0x01488bbf                _math_matrix_alloc_inv
                0x01488c13                _math_transposef
                0x01488cf4                _math_transposed
                0x01488e35                _math_transposefd
                0x01488f34                _mesa_transform_vector
 *fill*         0x01489041        0x3 
 .text          0x01489044      0x52f /home/kosmick/chiffos/ChiffOS/libc/libOSMesa32.a(vbo_context.o)
                0x01489362                _vbo_CreateContext
                0x014894b3                _vbo_InvalidateState
                0x014894df                _vbo_DestroyContext
                0x01489551                vbo_set_draw_func
 *fill*         0x01489573        0x1 
 .text          0x01489574      0x15a /home/kosmick/chiffos/ChiffOS/libc/libOSMesa32.a(vbo_exec.o)
                0x01489582                vbo_exec_init
                0x01489635                vbo_exec_destroy
                0x0148968b                vbo_exec_invalidate_state
 *fill*         0x014896ce        0x2 
 .text          0x014896d0     0x5bde /home/kosmick/chiffos/ChiffOS/libc/libOSMesa32.a(vbo_exec_api.o)
                0x014898f0                vbo_exec_vtx_wrap
                0x0148e6b3                vbo_validate_shaders
                0x0148ed0f                vbo_use_buffer_objects
                0x0148ee1b                vbo_exec_vtx_init
                0x0148ef6c                vbo_exec_vtx_destroy
                0x0148f027                vbo_exec_BeginVertices
                0x0148f09c                vbo_exec_FlushVertices_internal
                0x0148f10a                vbo_exec_FlushVertices
                0x0148f1e6                _vbo_Color4f
                0x0148f20e                _vbo_Normal3f
                0x0148f22f                _vbo_MultiTexCoord4f
                0x0148f25e                _vbo_Materialfv
                0x0148f27f                _vbo_VertexAttrib4f
 *fill*         0x0148f2ae        0x2 
 .text          0x0148f2b0      0xe32 /home/kosmick/chiffos/ChiffOS/libc/libOSMesa32.a(vbo_exec_array.o)
                0x01490032                vbo_exec_array_init
                0x0149005e                vbo_exec_array_destroy
                0x01490063                _mesa_DrawArrays
                0x01490084                _mesa_DrawElements
                0x014900ac                _mesa_DrawRangeElements
 *fill*         0x014900e2        0x2 
 .text          0x014900e4      0xf67 /home/kosmick/chiffos/ChiffOS/libc/libOSMesa32.a(vbo_exec_draw.o)
                0x01490c75                vbo_exec_vtx_map
                0x01490e6f                vbo_exec_vtx_flush
 *fill*         0x0149104b        0x1 
 .text          0x0149104c      0xb5f /home/kosmick/chiffos/ChiffOS/libc/libOSMesa32.a(vbo_exec_eval.o)
                0x014910fc                vbo_exec_eval_update
                0x01491566                vbo_exec_do_EvalCoord1f
                0x0149175b                vbo_exec_do_EvalCoord2f
 *fill*         0x01491bab        0x1 
 .text          0x01491bac      0x262 /home/kosmick/chiffos/ChiffOS/libc/libOSMesa32.a(vbo_save.o)
                0x01491c0d                vbo_save_init
                0x01491caa                vbo_save_destroy
                0x01491db3                vbo_save_fallback
 *fill*         0x01491e0e        0x2 
 .text          0x01491e10     0x66e5 /home/kosmick/chiffos/ChiffOS/libc/libOSMesa32.a(vbo_save_api.o)
                0x01497489                vbo_save_NotifyBegin
                0x01497ea7                vbo_save_SaveFlushVertices
                0x01497f33                vbo_save_NewList
                0x01497fd4                vbo_save_EndList
                0x01498105                vbo_save_BeginCallList
                0x0149813a                vbo_save_EndCallList
                0x01498404                vbo_save_api_init
 *fill*         0x014984f5        0x3 
 .text          0x014984f8      0x99b /home/kosmick/chiffos/ChiffOS/libc/libOSMesa32.a(vbo_save_draw.o)
                0x01498cbc                vbo_save_playback_vertex_list
 *fill*         0x01498e93        0x1 
 .text          0x01498e94      0x3b1 /home/kosmick/chiffos/ChiffOS/libc/libOSMesa32.a(vbo_save_loopback.o)
                0x014990d7                vbo_loopback_vertex_list
 *fill*         0x01499245        0x3 
 .text          0x01499248      0x629 /home/kosmick/chiffos/ChiffOS/libc/libOSMesa32.a(t_context.o)
                0x01499248                _tnl_CreateContext
                0x0149932a                _tnl_DestroyContext
                0x01499361                _tnl_InvalidateState
                0x01499748                _tnl_wakeup
                0x01499763                _tnl_need_projected_coords
                0x01499789                _tnl_allow_vertex_fog
                0x014997fd                _tnl_allow_pixel_fog
 *fill*         0x01499871        0x3 
 .text          0x01499874      0x394 /home/kosmick/chiffos/ChiffOS/libc/libOSMesa32.a(t_pipeline.o)
                0x01499874                _tnl_install_pipeline
                0x01499930                _tnl_destroy_pipeline
                0x01499ac1                _tnl_run_pipeline
 .text          0x01499c08     0x1034 /home/kosmick/chiffos/ChiffOS/libc/libOSMesa32.a(t_draw.o)
                0x0149aaac                _tnl_draw_prims
 .text          0x0149ac3c      0xec1 /home/kosmick/chiffos/ChiffOS/libc/libOSMesa32.a(t_vb_program.o)
                0x0149afdf                _tnl_program_string
 *fill*         0x0149bafd        0x3 
 .text          0x0149bb00     0xba9c /home/kosmick/chiffos/ChiffOS/libc/libOSMesa32.a(t_vb_render.o)
                0x014a734c                _tnl_RenderClippedPolygon
                0x014a73b0                _tnl_RenderClippedLine
 .text          0x014a759c     0x1537 /home/kosmick/chiffos/ChiffOS/libc/libOSMesa32.a(t_vb_texgen.o)
 *fill*         0x014a8ad3        0x1 
 .text          0x014a8ad4      0x256 /home/kosmick/chiffos/ChiffOS/libc/libOSMesa32.a(t_vb_texmat.o)
 *fill*         0x014a8d2a        0x2 
 .text          0x014a8d2c      0x84a /home/kosmick/chiffos/ChiffOS/libc/libOSMesa32.a(t_vb_vertex.o)
 *fill*         0x014a9576        0x2 
 .text          0x014a9578      0x605 /home/kosmick/chiffos/ChiffOS/libc/libOSMesa32.a(t_vb_fog.o)
 *fill*         0x014a9b7d        0x3 
 .text          0x014a9b80     0xa79e /home/kosmick/chiffos/ChiffOS/libc/libOSMesa32.a(t_vb_light.o)
 *fill*         0x014b431e        0x2 
 .text          0x014b4320      0x2be /home/kosmick/chiffos/ChiffOS/libc/libOSMesa32.a(t_vb_normals.o)
 *fill*         0x014b45de        0x2 
 .text          0x014b45e0      0x1b3 /home/kosmick/chiffos/ChiffOS/libc/libOSMesa32.a(t_vb_points.o)
 *fill*         0x014b4793        0x1 
 .text          0x014b4794       0x9e /home/kosmick/chiffos/ChiffOS/libc/libOSMesa32.a(t_vp_build.o)
                0x014b4794                _tnl_UpdateFixedFunctionProgram
 *fill*         0x014b4832        0x2 
 .text          0x014b4834     0x1227 /home/kosmick/chiffos/ChiffOS/libc/libOSMesa32.a(t_vertex.o)
                0x014b49ca                _tnl_register_fastpath
                0x014b4db8                _tnl_interp
                0x014b4e10                _tnl_copy_pv
                0x014b4e48                _tnl_get_attr
                0x014b4f5d                _tnl_set_attr
                0x014b5035                _tnl_get_vertex
                0x014b5060                _tnl_invalidate_vertex_state
                0x014b50df                _tnl_install_attrs
                0x014b543a                _tnl_invalidate_vertices
                0x014b5464                _tnl_notify_pipeline_output_change
                0x014b56f4                _tnl_build_vertices
                0x014b5759                _tnl_emit_vertices_to_buffer
                0x014b57c0                _tnl_emit_indexed_vertices_to_buffer
                0x014b58a4                _tnl_init_vertices
                0x014b59b3                _tnl_free_vertices
 *fill*         0x014b5a5b        0x1 
 .text          0x014b5a5c     0x3408 /home/kosmick/chiffos/ChiffOS/libc/libOSMesa32.a(t_vertex_generic.o)
                0x014b8278                _tnl_generate_hardwired_emit
                0x014b8419                _tnl_generic_emit
                0x014b8567                _tnl_generic_interp
                0x014b885a                _tnl_generic_copy_pv
                0x014b897c                _tnl_generic_interp_extras
                0x014b8d2f                _tnl_generic_copy_pv_extras
 .text          0x014b8e64     0x2477 /home/kosmick/chiffos/ChiffOS/libc/libOSMesa32.a(arbprogram.o)
                0x014b8ee5                _mesa_BindProgram
                0x014b9181                _mesa_DeletePrograms
                0x014b93cc                _mesa_GenPrograms
                0x014b94b7                _mesa_EnableVertexAttribArrayARB
                0x014b95dd                _mesa_DisableVertexAttribArrayARB
                0x014b9705                _mesa_GetVertexAttribdvARB
                0x014b97a2                _mesa_GetVertexAttribfvARB
                0x014b9a8b                _mesa_GetVertexAttribivARB
                0x014b9b85                _mesa_GetVertexAttribPointervARB
                0x014b9c35                _mesa_IsProgramARB
                0x014b9cad                _mesa_ProgramStringARB
                0x014b9e8a                _mesa_ProgramEnvParameter4dARB
                0x014b9ef4                _mesa_ProgramEnvParameter4dvARB
                0x014b9f3f                _mesa_ProgramEnvParameter4fARB
                0x014ba13a                _mesa_ProgramEnvParameter4fvARB
                0x014ba186                _mesa_ProgramEnvParameters4fvEXT
                0x014ba361                _mesa_GetProgramEnvParameterdvARB
                0x014ba3c0                _mesa_GetProgramEnvParameterfvARB
                0x014ba58b                _mesa_ProgramLocalParameter4fARB
                0x014ba737                _mesa_ProgramLocalParameter4fvARB
                0x014ba783                _mesa_ProgramLocalParameters4fvEXT
                0x014ba98a                _mesa_ProgramLocalParameter4dARB
                0x014ba9f4                _mesa_ProgramLocalParameter4dvARB
                0x014baa3f                _mesa_GetProgramLocalParameterfvARB
                0x014babb0                _mesa_GetProgramLocalParameterdvARB
                0x014bac2f                _mesa_GetProgramivARB
                0x014bb1ed                _mesa_GetProgramStringARB
 *fill*         0x014bb2db        0x1 
 .text          0x014bb2dc     0x1961 /home/kosmick/chiffos/ChiffOS/libc/libOSMesa32.a(atifragshader.o)
                0x014bb2dc                _mesa_new_ati_fragment_shader
                0x014bb30e                _mesa_delete_ati_fragment_shader
                0x014bb50d                _mesa_GenFragmentShadersATI
                0x014bb5cc                _mesa_BindFragmentShaderATI
                0x014bb752                _mesa_DeleteFragmentShaderATI
                0x014bb881                _mesa_BeginFragmentShaderATI
                0x014bba7f                _mesa_EndFragmentShaderATI
                0x014bbbe4                _mesa_PassTexCoordATI
                0x014bbf3d                _mesa_SampleMapATI
                0x014bc7c8                _mesa_ColorFragmentOp1ATI
                0x014bc845                _mesa_ColorFragmentOp2ATI
                0x014bc8bf                _mesa_ColorFragmentOp3ATI
                0x014bc936                _mesa_AlphaFragmentOp1ATI
                0x014bc9b4                _mesa_AlphaFragmentOp2ATI
                0x014bca2f                _mesa_AlphaFragmentOp3ATI
                0x014bcaa7                _mesa_SetFragmentShaderConstantATI
 *fill*         0x014bcc3d        0x3 
 .text          0x014bcc40     0x1a8e /home/kosmick/chiffos/ChiffOS/libc/libOSMesa32.a(nvprogram.o)
                0x014bcc40                _mesa_ExecuteProgramNV
                0x014bcd41                _mesa_AreProgramsResidentNV
                0x014bce9b                _mesa_RequestResidentProgramsNV
                0x014bcf99                _mesa_GetProgramParameterfvNV
                0x014bd0b8                _mesa_GetProgramParameterdvNV
                0x014bd1da                _mesa_GetProgramivNV
                0x014bd2cc                _mesa_GetProgramStringNV
                0x014bd3a1                _mesa_GetTrackMatrixivNV
                0x014bd4b4                _mesa_GetVertexAttribdvNV
                0x014bd6cc                _mesa_GetVertexAttribfvNV
                0x014bd8e1                _mesa_GetVertexAttribivNV
                0x014bdb55                _mesa_GetVertexAttribPointervNV
                0x014bdbfd                _mesa_LoadProgramNV
                0x014bdec1                _mesa_ProgramParameters4dvNV
                0x014be004                _mesa_ProgramParameters4fvNV
                0x014be148                _mesa_TrackMatrixNV
                0x014be2e0                _mesa_ProgramNamedParameter4fNV
                0x014be43f                _mesa_ProgramNamedParameter4fvNV
                0x014be492                _mesa_ProgramNamedParameter4dNV
                0x014be503                _mesa_ProgramNamedParameter4dvNV
                0x014be555                _mesa_GetProgramNamedParameterfvNV
                0x014be67d                _mesa_GetProgramNamedParameterdvNV
 *fill*         0x014be6ce        0x2 
 .text          0x014be6d0     0x3687 /home/kosmick/chiffos/ChiffOS/libc/libOSMesa32.a(nvvertparse.o)
                0x014c19af                _mesa_parse_nv_vertex_program
                0x014c1d39                _mesa_nv_vertex_input_register_name
                0x014c1d48                _mesa_nv_vertex_output_register_name
 *fill*         0x014c1d57        0x1 
 .text          0x014c1d58     0x164e /home/kosmick/chiffos/ChiffOS/libc/libOSMesa32.a(program.o)
                0x014c1db2                _mesa_init_program
                0x014c1f60                _mesa_free_program_data
                0x014c2025                _mesa_update_default_objects_program
                0x014c2167                _mesa_set_program_error
                0x014c21ad                _mesa_find_line_column
                0x014c22d6                _mesa_init_fragment_program
                0x014c230b                _mesa_init_vertex_program
                0x014c2340                _mesa_new_program
                0x014c23e7                _mesa_delete_program
                0x014c24c6                _mesa_lookup_program
                0x014c24f2                _mesa_reference_program
                0x014c25e7                _mesa_clone_program
                0x014c29d8                _mesa_insert_instructions
                0x014c2b26                _mesa_delete_instructions
                0x014c2edf                _mesa_combine_programs
                0x014c328f                _mesa_find_free_register
 *fill*         0x014c33a6        0x2 
 .text          0x014c33a8      0x49b /home/kosmick/chiffos/ChiffOS/libc/libOSMesa32.a(prog_cache.o)
                0x014c35bc                _mesa_new_program_cache
                0x014c3617                _mesa_delete_program_cache
                0x014c3649                _mesa_search_program_cache
                0x014c3718                _mesa_program_cache_insert
 *fill*         0x014c3843        0x1 
 .text          0x014c3844     0x5157 /home/kosmick/chiffos/ChiffOS/libc/libOSMesa32.a(prog_execute.o)
                0x014c4a54                _mesa_execute_program
 *fill*         0x014c899b        0x1 
 .text          0x014c899c      0x524 /home/kosmick/chiffos/ChiffOS/libc/libOSMesa32.a(prog_instruction.o)
                0x014c899c                _mesa_init_instructions
                0x014c8b59                _mesa_alloc_instructions
                0x014c8b78                _mesa_realloc_instructions
                0x014c8bb5                _mesa_copy_instructions
                0x014c8c4a                _mesa_free_instructions
                0x014c8cdd                _mesa_num_inst_src_regs
                0x014c8cf0                _mesa_num_inst_dst_regs
                0x014c8d03                _mesa_is_tex_instruction
                0x014c8d32                _mesa_check_soa_dependencies
                0x014c8ea0                _mesa_opcode_string
 .text          0x014c8ec0     0x184d /home/kosmick/chiffos/ChiffOS/libc/libOSMesa32.a(prog_noise.o)
                0x014c9053                _mesa_noise1
                0x014c915b                _mesa_noise2
                0x014c946c                _mesa_noise3
                0x014c9ba3                _mesa_noise4
 *fill*         0x014ca70d        0x3 
 .text          0x014ca710     0x12a4 /home/kosmick/chiffos/ChiffOS/libc/libOSMesa32.a(prog_parameter.o)
                0x014ca710                _mesa_new_parameter_list
                0x014ca724                _mesa_free_parameter_list
                0x014ca7b6                _mesa_add_parameter
                0x014caadf                _mesa_add_named_parameter
                0x014cab28                _mesa_add_named_constant
                0x014cac3e                _mesa_add_unnamed_constant
                0x014cadc2                _mesa_add_uniform
                0x014cae58                _mesa_use_uniform
                0x014caec8                _mesa_add_sampler
                0x014cafe7                _mesa_add_varying
                0x014cb07e                _mesa_add_attribute
                0x014cb12f                _mesa_add_state_reference
                0x014cb23a                _mesa_lookup_parameter_value
                0x014cb26c                _mesa_lookup_parameter_index
                0x014cb3a6                _mesa_lookup_parameter_constant
                0x014cb67b                _mesa_clone_parameter_list
                0x014cb7e1                _mesa_combine_parameter_lists
                0x014cb8d6                _mesa_longest_parameter_name
                0x014cb961                _mesa_num_parameters_of_type
 .text          0x014cb9b4     0x3300 /home/kosmick/chiffos/ChiffOS/libc/libOSMesa32.a(prog_statevars.o)
                0x014cdd51                _mesa_program_state_flags
                0x014ce49a                _mesa_program_state_string
                0x014ce859                _mesa_load_state_parameters
                0x014ce9d1                _mesa_load_tracked_matrices
 .text          0x014cecb4     0x15a4 /home/kosmick/chiffos/ChiffOS/libc/libOSMesa32.a(programopt.o)
                0x014cf487                _mesa_insert_mvp_code
                0x014cf4c2                _mesa_append_fog_code
                0x014cfc5d                _mesa_count_texture_indirections
                0x014cfe06                _mesa_count_texture_instructions
                0x014cfe73                _mesa_remove_output_reads
 .text          0x014d0258     0x3090 /home/kosmick/chiffos/ChiffOS/libc/libOSMesa32.a(shader_api.o)
                0x014d02e1                _mesa_clear_shader_program_data
                0x014d0367                _mesa_free_shader_program_data
                0x014d045d                _mesa_free_shader_program
                0x014d0482                _mesa_reference_shader_program
                0x014d057a                _mesa_lookup_shader_program
                0x014d0665                _mesa_new_shader
                0x014d06d6                _mesa_free_shader
                0x014d0736                _mesa_reference_shader
                0x014d082e                _mesa_lookup_shader
                0x014d09cd                _mesa_init_shader_state
                0x014d0a33                _mesa_free_shader_state
                0x014d22df                _mesa_use_program
                0x014d23cd                _mesa_update_shader_textures_used
                0x014d316a                _mesa_init_glsl_driver_functions
 .text          0x014d32e8     0x13ef /home/kosmick/chiffos/ChiffOS/libc/libOSMesa32.a(s_context.o)
                0x014d3bc8                _swrast_eject_texture_images
                0x014d3e17                _swrast_update_texture_samplers
                0x014d3fd3                _swrast_validate_derived
                0x014d415b                _swrast_Quad
                0x014d41bf                _swrast_Triangle
                0x014d41f5                _swrast_Line
                0x014d4224                _swrast_Point
                0x014d424c                _swrast_InvalidateState
                0x014d4274                _swrast_ResetLineStipple
                0x014d4291                _swrast_SetFacing
                0x014d42ad                _swrast_allow_vertex_fog
                0x014d42ed                _swrast_allow_pixel_fog
                0x014d432d                _swrast_CreateContext
                0x014d452f                _swrast_DestroyContext
                0x014d459d                _swrast_GetDeviceDriverReference
                0x014d45b6                _swrast_flush
                0x014d4620                _swrast_render_primitive
                0x014d4660                _swrast_render_start
                0x014d4699                _swrast_render_finish
                0x014d46d2                _swrast_print_vertex
 *fill*         0x014d46d7        0x1 
 .text          0x014d46d8     0x2bd5 /home/kosmick/chiffos/ChiffOS/libc/libOSMesa32.a(s_lines.o)
                0x014d6fa2                _swrast_add_spec_terms_line
                0x014d7145                _swrast_choose_line
 *fill*         0x014d72ad        0x3 
 .text          0x014d72b0     0x1dd5 /home/kosmick/chiffos/ChiffOS/libc/libOSMesa32.a(s_points.o)
                0x014d8e6e                _swrast_add_spec_terms_point
                0x014d8f5c                _swrast_choose_point
 *fill*         0x014d9085        0x3 
 .text          0x014d9088     0x3e40 /home/kosmick/chiffos/ChiffOS/libc/libOSMesa32.a(s_span.o)
                0x014d90f6                _swrast_span_default_attribs
                0x014d9f92                _swrast_span_interpolate_z
                0x014da083                _swrast_compute_lambda
                0x014daf9b                _swrast_write_index_span
                0x014dbf9e                _swrast_write_rgba_span
                0x014dc6c3                _swrast_read_rgba_span
                0x014dc8a6                _swrast_read_index_span
                0x014dcacc                _swrast_get_values
                0x014dcc32                _swrast_put_row
                0x014dcd01                _swrast_get_row
                0x014dcdc6                _swrast_get_dest_rgba
 .text          0x014dcec8     0x26d1 /home/kosmick/chiffos/ChiffOS/libc/libOSMesa32.a(s_stencil.o)
                0x014ded54                _swrast_stencil_and_ztest_span
                0x014dedc2                _swrast_read_stencil_span
                0x014dee80                _swrast_write_stencil_span
                0x014df050                _swrast_clear_stencil_buffer
 *fill*         0x014df599        0x3 
 .text          0x014df59c     0x292a /home/kosmick/chiffos/ChiffOS/libc/libOSMesa32.a(s_texcombine.o)
                0x014e15d1                _swrast_texture_span
 *fill*         0x014e1ec6        0x2 
 .text          0x014e1ec8     0x7abc /home/kosmick/chiffos/ChiffOS/libc/libOSMesa32.a(s_texfilter.o)
                0x014e9728                _swrast_choose_texture_sample_func
 .text          0x014e9984     0xbf7c /home/kosmick/chiffos/ChiffOS/libc/libOSMesa32.a(s_triangle.o)
                0x014e99b7                _swrast_culltriangle
                0x014f517e                _swrast_add_spec_terms_triangle
                0x014f5406                _swrast_choose_triangle
 .text          0x014f5900      0x9d7 /home/kosmick/chiffos/ChiffOS/libc/libOSMesa32.a(ss_context.o)
                0x014f5900                _swsetup_CreateContext
                0x014f5966                _swsetup_DestroyContext
                0x014f5f84                _swsetup_InvalidateState
                0x014f5fb9                _swsetup_Wakeup
                0x014f60ad                _swsetup_Translate
 *fill*         0x014f62d7        0x1 
 .text          0x014f62d8     0x6a1b /home/kosmick/chiffos/ChiffOS/libc/libOSMesa32.a(ss_triangle.o)
                0x014fca3d                _swsetup_trifuncs_init
                0x014fcbf5                _swsetup_choose_trifuncs
 *fill*         0x014fccf3        0x1 
 .text          0x014fccf4      0xf42 /home/kosmick/chiffos/ChiffOS/libc/libOSMesa32.a(driverfuncs.o)
                0x014fccf4                _mesa_init_driver_functions
                0x014fd48b                _mesa_init_driver_state
 *fill*         0x014fdc36        0x2 
 .text          0x014fdc38     0x4938 /home/kosmick/chiffos/ChiffOS/libc/libOSMesa32.a(slang_compile.o)
                0x014fdc65                _slang_code_unit_ctr
                0x014fdc9d                _slang_code_unit_dtr
                0x014fdccc                _slang_code_object_ctr
                0x014fdd33                _slang_code_object_dtr
                0x0150230f                _slang_compile
 .text          0x01502570      0x52a /home/kosmick/chiffos/ChiffOS/libc/libOSMesa32.a(slang_compile_function.o)
                0x01502570                slang_function_construct
                0x015025f2                slang_function_destruct
                0x0150264a                slang_function_new
                0x0150267d                _slang_function_scope_ctr
                0x0150269f                slang_function_scope_destruct
                0x015026e7                _slang_function_has_return_value
                0x015026f7                slang_function_scope_find_by_name
                0x0150276d                slang_function_scope_find
                0x0150286b                _slang_function_locate
 *fill*         0x01502a9a        0x2 
 .text          0x01502a9c      0x92d /home/kosmick/chiffos/ChiffOS/libc/libOSMesa32.a(slang_compile_operation.o)
                0x01502af3                slang_operation_construct
                0x01502b82                slang_operation_destruct
                0x01502c06                slang_replace_scope
                0x01502cce                slang_operation_copy
                0x01502f7f                slang_operation_new
                0x01503000                slang_operation_delete
                0x0150301e                slang_operation_free_children
                0x01503084                slang_operation_grow
                0x0150312a                slang_operation_insert
                0x01503279                slang_operation_insert_child
                0x015032bb                _slang_operation_swap
                0x0150330b                slang_operation_add_children
 *fill*         0x015033c9        0x3 
 .text          0x015033cc      0x43b /home/kosmick/chiffos/ChiffOS/libc/libOSMesa32.a(slang_compile_struct.o)
                0x015033cc                _slang_struct_scope_ctr
                0x015033ee                slang_struct_scope_destruct
                0x0150342f                slang_struct_scope_copy
                0x01503536                slang_struct_scope_find
                0x015035ac                slang_struct_construct
                0x0150364a                slang_struct_destruct
                0x0150368a                slang_struct_copy
                0x01503733                slang_struct_equal
 *fill*         0x01503807        0x1 
 .text          0x01503808      0x4fa /home/kosmick/chiffos/ChiffOS/libc/libOSMesa32.a(slang_compile_variable.o)
                0x01503867                _slang_variable_scope_new
                0x01503890                _slang_variable_scope_ctr
                0x015038b2                slang_variable_scope_destruct
                0x01503910                slang_variable_scope_copy
                0x01503a2d                slang_variable_scope_grow
                0x01503acf                slang_variable_construct
                0x01503b32                slang_variable_destruct
                0x01503b6b                slang_variable_copy
                0x01503c90                _slang_variable_locate
 *fill*         0x01503d02        0x2 
 .text          0x01503d04     0x1708 /home/kosmick/chiffos/ChiffOS/libc/libOSMesa32.a(slang_link.o)
                0x01504e92                _slang_link
 .text          0x0150540c      0x2b1 /home/kosmick/chiffos/ChiffOS/libc/libOSMesa32.a(slang_log.o)
                0x0150540c                slang_info_log_construct
                0x01505428                slang_info_log_destruct
                0x01505562                slang_info_log_print
                0x015055ac                slang_info_log_error
                0x01505618                slang_info_log_warning
                0x0150567d                slang_info_log_memory
 *fill*         0x015056bd        0x3 
 .text          0x015056c0      0x2b6 /home/kosmick/chiffos/ChiffOS/libc/libOSMesa32.a(slang_mem.o)
                0x015056c0                _slang_new_mempool
                0x0150571f                _slang_delete_mempool
                0x01505767                _slang_alloc
                0x01505893                _slang_realloc
                0x01505907                _slang_strdup
                0x01505954                _slang_free
 *fill*         0x01505976        0x2 
 .text          0x01505978     0x3201 /home/kosmick/chiffos/ChiffOS/libc/libOSMesa32.a(slang_preprocess.o)
                0x015059e0                _slang_preprocess_version
                0x01508a8c                _slang_preprocess_directives
 *fill*         0x01508b79        0x3 
 .text          0x01508b7c     0x1131 /home/kosmick/chiffos/ChiffOS/libc/libOSMesa32.a(slang_simplify.o)
                0x01508b7c                _slang_lookup_constant
                0x01508c02                _slang_simplify
                0x01509725                _slang_cast_func_params
                0x01509975                _slang_adapt_call
 *fill*         0x01509cad        0x3 
 .text          0x01509cb0      0x767 /home/kosmick/chiffos/ChiffOS/libc/libOSMesa32.a(slang_storage.o)
                0x01509cb0                slang_storage_array_construct
                0x01509cd4                slang_storage_array_destruct
                0x01509d02                slang_storage_aggregate_construct
                0x01509d1c                slang_storage_aggregate_destruct
                0x01509f53                _slang_aggregate_variable
                0x0150a37b                _slang_sizeof_type
                0x0150a39f                _slang_sizeof_aggregate
 *fill*         0x0150a417        0x1 
 .text          0x0150a418     0x1629 /home/kosmick/chiffos/ChiffOS/libc/libOSMesa32.a(slang_typeinfo.o)
                0x0150a418                _slang_is_swizzle
                0x0150a60b                slang_type_specifier_type_from_string
                0x0150a649                slang_type_specifier_type_to_string
                0x0150a679                slang_fully_specified_type_construct
                0x0150a69d                slang_fully_specified_type_destruct
                0x0150a6b3                slang_fully_specified_type_copy
                0x0150a759                slang_type_specifier_ctr
                0x0150a77b                slang_type_specifier_dtr
                0x0150a7cf                slang_type_specifier_new
                0x0150a809                slang_type_specifier_copy
                0x0150a92c                slang_type_specifier_equal
                0x0150a990                slang_type_specifier_compatible
                0x0150aa0c                slang_typeinfo_construct
                0x0150aa41                slang_typeinfo_destruct
                0x0150abb1                _slang_typeof_operation
                0x0150b7f7                _slang_type_is_matrix
                0x0150b80d                _slang_type_is_vector
                0x0150b82d                _slang_type_is_float_vec_mat
                0x0150b843                _slang_type_base
                0x0150b8b6                _slang_type_dim
                0x0150b91b                _slang_gltype_from_specifier
 *fill*         0x0150ba41        0x3 
 .text          0x0150ba44      0xbd9 /home/kosmick/chiffos/ChiffOS/libc/libOSMesa32.a(slang_vartable.o)
                0x0150ba44                _slang_new_var_table
                0x0150ba6d                _slang_delete_var_table
                0x0150baa0                _slang_push_var_table
                0x0150bb67                _slang_pop_var_table
                0x0150bdf7                _slang_add_variable
                0x0150bee1                _slang_find_variable
                0x0150c144                _slang_alloc_var
                0x0150c245                _slang_alloc_temp
                0x0150c359                _slang_free_temp
                0x0150c566                _slang_is_temp
 *fill*         0x0150c61d        0x3 
 .text          0x0150c620      0x460 /home/kosmick/chiffos/ChiffOS/libc/libOSMesa32.a(slang_utility.o)
                0x0150c620                slang_string_concat
                0x0150c647                slang_string_init
                0x0150c670                slang_string_free
                0x0150c68e                slang_string_reset
                0x0150c745                slang_string_push
                0x0150c7c2                slang_string_pushc
                0x0150c80b                slang_string_pushs
                0x0150c865                slang_string_pushi
                0x0150c8a8                slang_string_cstr
                0x0150c8df                slang_atom_pool_construct
                0x0150c909                slang_atom_pool_destruct
                0x0150c961                slang_atom_pool_atom
                0x0150ca78                slang_atom_pool_id
 .text          0x0150ca80     0xbb6b /home/kosmick/chiffos/ChiffOS/libc/libOSMesa32.a(dispatch.o)
                0x0150ca80                glNewList
                0x0150ca9e                glEndList
                0x0150cab0                glCallList
                0x0150cac8                glCallLists
                0x0150caee                glDeleteLists
                0x0150cb0d                glGenLists
                0x0150cb25                glListBase
                0x0150cb3d                glBegin
                0x0150cb55                glBitmap
                0x0150cb97                glColor3b
                0x0150cbd7                glColor3bv
                0x0150cbef                glColor3d
                0x0150cc4e                glColor3dv
                0x0150cc66                glColor3f
                0x0150cc8c                glColor3fv
                0x0150cca4                glColor3i
                0x0150ccca                glColor3iv
                0x0150cce2                glColor3s
                0x0150cd25                glColor3sv
                0x0150cd3d                glColor3ub
                0x0150cd87                glColor3ubv
                0x0150cd9f                glColor3ui
                0x0150cdc5                glColor3uiv
                0x0150cddd                glColor3us
                0x0150ce2c                glColor3usv
                0x0150ce44                glColor4b
                0x0150ce94                glColor4bv
                0x0150ceac                glColor4d
                0x0150cf25                glColor4dv
                0x0150cf3d                glColor4f
                0x0150cf6a                glColor4fv
                0x0150cf82                glColor4i
                0x0150cfaf                glColor4iv
                0x0150cfca                glColor4s
                0x0150d021                glColor4sv
                0x0150d03c                glColor4ub
                0x0150d0a0                glColor4ubv
                0x0150d0bb                glColor4ui
                0x0150d0eb                glColor4uiv
                0x0150d106                glColor4us
                0x0150d16d                glColor4usv
                0x0150d188                glEdgeFlag
                0x0150d1ae                glEdgeFlagv
                0x0150d1c9                glEnd
                0x0150d1de                glIndexd
                0x0150d20c                glIndexdv
                0x0150d227                glIndexf
                0x0150d242                glIndexfv
                0x0150d25d                glIndexi
                0x0150d278                glIndexiv
                0x0150d293                glIndexs
                0x0150d2b6                glIndexsv
                0x0150d2d1                glNormal3b
                0x0150d314                glNormal3bv
                0x0150d32f                glNormal3d
                0x0150d391                glNormal3dv
                0x0150d3ac                glNormal3f
                0x0150d3d5                glNormal3fv
                0x0150d3f0                glNormal3i
                0x0150d419                glNormal3iv
                0x0150d434                glNormal3s
                0x0150d47a                glNormal3sv
                0x0150d495                glRasterPos2d
                0x0150d4dd                glRasterPos2dv
                0x0150d4f8                glRasterPos2f
                0x0150d51a                glRasterPos2fv
                0x0150d535                glRasterPos2i
                0x0150d557                glRasterPos2iv
                0x0150d572                glRasterPos2s
                0x0150d5a4                glRasterPos2sv
                0x0150d5bf                glRasterPos3d
                0x0150d621                glRasterPos3dv
                0x0150d63c                glRasterPos3f
                0x0150d665                glRasterPos3fv
                0x0150d680                glRasterPos3i
                0x0150d6a9                glRasterPos3iv
                0x0150d6c4                glRasterPos3s
                0x0150d70a                glRasterPos3sv
                0x0150d725                glRasterPos4d
                0x0150d7a1                glRasterPos4dv
                0x0150d7bc                glRasterPos4f
                0x0150d7ec                glRasterPos4fv
                0x0150d807                glRasterPos4i
                0x0150d837                glRasterPos4iv
                0x0150d852                glRasterPos4s
                0x0150d8a9                glRasterPos4sv
                0x0150d8c4                glRectd
                0x0150d940                glRectdv
                0x0150d962                glRectf
                0x0150d992                glRectfv
                0x0150d9b4                glRecti
                0x0150d9e4                glRectiv
                0x0150da06                glRects
                0x0150da5d                glRectsv
                0x0150da7f                glTexCoord1d
                0x0150daad                glTexCoord1dv
                0x0150dac8                glTexCoord1f
                0x0150dae3                glTexCoord1fv
                0x0150dafe                glTexCoord1i
                0x0150db19                glTexCoord1iv
                0x0150db34                glTexCoord1s
                0x0150db57                glTexCoord1sv
                0x0150db72                glTexCoord2d
                0x0150dbba                glTexCoord2dv
                0x0150dbd5                glTexCoord2f
                0x0150dbf7                glTexCoord2fv
                0x0150dc12                glTexCoord2i
                0x0150dc34                glTexCoord2iv
                0x0150dc4f                glTexCoord2s
                0x0150dc81                glTexCoord2sv
                0x0150dc9c                glTexCoord3d
                0x0150dcfe                glTexCoord3dv
                0x0150dd19                glTexCoord3f
                0x0150dd42                glTexCoord3fv
                0x0150dd5d                glTexCoord3i
                0x0150dd86                glTexCoord3iv
                0x0150dda1                glTexCoord3s
                0x0150dde7                glTexCoord3sv
                0x0150de02                glTexCoord4d
                0x0150de7e                glTexCoord4dv
                0x0150de99                glTexCoord4f
                0x0150dec9                glTexCoord4fv
                0x0150dee4                glTexCoord4i
                0x0150df14                glTexCoord4iv
                0x0150df2f                glTexCoord4s
                0x0150df86                glTexCoord4sv
                0x0150dfa1                glVertex2d
                0x0150dfe9                glVertex2dv
                0x0150e004                glVertex2f
                0x0150e026                glVertex2fv
                0x0150e041                glVertex2i
                0x0150e063                glVertex2iv
                0x0150e07e                glVertex2s
                0x0150e0b0                glVertex2sv
                0x0150e0cb                glVertex3d
                0x0150e12d                glVertex3dv
                0x0150e148                glVertex3f
                0x0150e171                glVertex3fv
                0x0150e18c                glVertex3i
                0x0150e1b5                glVertex3iv
                0x0150e1d0                glVertex3s
                0x0150e216                glVertex3sv
                0x0150e231                glVertex4d
                0x0150e2ad                glVertex4dv
                0x0150e2c8                glVertex4f
                0x0150e2f8                glVertex4fv
                0x0150e313                glVertex4i
                0x0150e343                glVertex4iv
                0x0150e35e                glVertex4s
                0x0150e3b5                glVertex4sv
                0x0150e3d0                glClipPlane
                0x0150e3f2                glColorMaterial
                0x0150e414                glCullFace
                0x0150e42f                glFogf
                0x0150e451                glFogfv
                0x0150e473                glFogi
                0x0150e495                glFogiv
                0x0150e4b7                glFrontFace
                0x0150e4d2                glHint
                0x0150e4f4                glLightf
                0x0150e51d                glLightfv
                0x0150e546                glLighti
                0x0150e56f                glLightiv
                0x0150e598                glLightModelf
                0x0150e5ba                glLightModelfv
                0x0150e5dc                glLightModeli
                0x0150e5fe                glLightModeliv
                0x0150e620                glLineStipple
                0x0150e64e                glLineWidth
                0x0150e669                glMaterialf
                0x0150e692                glMaterialfv
                0x0150e6bb                glMateriali
                0x0150e6e4                glMaterialiv
                0x0150e70d                glPointSize
                0x0150e728                glPolygonMode
                0x0150e74a                glPolygonStipple
                0x0150e765                glScissor
                0x0150e795                glShadeModel
                0x0150e7b0                glTexParameterf
                0x0150e7d9                glTexParameterfv
                0x0150e802                glTexParameteri
                0x0150e82b                glTexParameteriv
                0x0150e854                glTexImage1D
                0x0150e8a0                glTexImage2D
                0x0150e8f3                glTexEnvf
                0x0150e91c                glTexEnvfv
                0x0150e945                glTexEnvi
                0x0150e96e                glTexEnviv
                0x0150e997                glTexGend
                0x0150e9d3                glTexGendv
                0x0150e9fc                glTexGenf
                0x0150ea25                glTexGenfv
                0x0150ea4e                glTexGeni
                0x0150ea77                glTexGeniv
                0x0150eaa0                glFeedbackBuffer
                0x0150eac9                glSelectBuffer
                0x0150eaeb                glRenderMode
                0x0150eb06                glInitNames
                0x0150eb1b                glLoadName
                0x0150eb36                glPassThrough
                0x0150eb51                glPopName
                0x0150eb66                glPushName
                0x0150eb81                glDrawBuffer
                0x0150eb9c                glClear
                0x0150ebb7                glClearAccum
                0x0150ebe7                glClearIndex
                0x0150ec02                glClearColor
                0x0150ec32                glClearStencil
                0x0150ec4d                glClearDepth
                0x0150ec7b                glStencilMask
                0x0150ec96                glColorMask
                0x0150ecfa                glDepthMask
                0x0150ed20                glIndexMask
                0x0150ed3b                glAccum
                0x0150ed5d                glDisable
                0x0150ed78                glEnable
                0x0150ed93                glFinish
                0x0150eda8                glFlush
                0x0150edbd                glPopAttrib
                0x0150edd2                glPushAttrib
                0x0150eded                glMap1d
                0x0150ee51                glMap1f
                0x0150ee8f                glMap2d
                0x0150ef35                glMap2f
                0x0150ef8f                glMapGrid1d
                0x0150efde                glMapGrid1f
                0x0150f007                glMapGrid2d
                0x0150f091                glMapGrid2f
                0x0150f0cf                glEvalCoord1d
                0x0150f0fd                glEvalCoord1dv
                0x0150f118                glEvalCoord1f
                0x0150f133                glEvalCoord1fv
                0x0150f14e                glEvalCoord2d
                0x0150f196                glEvalCoord2dv
                0x0150f1b1                glEvalCoord2f
                0x0150f1d3                glEvalCoord2fv
                0x0150f1ee                glEvalMesh1
                0x0150f217                glEvalPoint1
                0x0150f232                glEvalMesh2
                0x0150f269                glEvalPoint2
                0x0150f28b                glAlphaFunc
                0x0150f2ad                glBlendFunc
                0x0150f2cf                glLogicOp
                0x0150f2ea                glStencilFunc
                0x0150f313                glStencilOp
                0x0150f33c                glDepthFunc
                0x0150f357                glPixelZoom
                0x0150f379                glPixelTransferf
                0x0150f39b                glPixelTransferi
                0x0150f3bd                glPixelStoref
                0x0150f3df                glPixelStorei
                0x0150f401                glPixelMapfv
                0x0150f42a                glPixelMapuiv